[BootStrap]
File1=1,,setup1.ex_,setup1.exe,$(WinPath),,,1/16/1997 0:00:00,164864,5.0.0.3716,"","",""
File2=1,,VB5StKit.dl_,VB5StKit.dll,$(WinSysPath),,$(Shared),1/16/1997 0:00:00,29696,5.0.37.16,"","",""
File3=1,,MSVBVM50.dl_,MSVBVM50.dll,$(WinSysPathSysFile),$(DLLSelfRegister),,7/19/1997 15:55:40,1347344,5.1.43.19,"","",""
File4=1,,StdOle2.tl_,StdOle2.tlb,$(WinSysPathSysFile),$(TLBRegister),,1/15/1997 9:00:00,16896,2.20.4054.1,"","",""
File5=1,,OleAut32.dl_,OleAut32.dll,$(WinSysPathSysFile),$(DLLSelfRegister),,1/15/1997 9:00:00,491792,2.20.4054.1,"","",""
File6=1,,OlePro32.dl_,OlePro32.dll,$(WinSysPathSysFile),$(DLLSelfRegister),,1/15/1997 9:00:00,32528,5.0.4055.1,"","",""
File7=1,,AsycFilt.dl_,AsycFilt.dll,$(WinSysPathSysFile),,,1/15/1997 9:00:00,120592,2.20.4056.1,"","",""
File8=1,,Ctl3d32.dl_,Ctl3d32.dll,$(WinSysPathSysFile),,,8/21/1996 9:00:00,27136,2.31.0.0,"","",""
File9=1,,ComCat.dl_,ComCat.dll,$(WinSysPathSysFile),$(DLLSelfRegister),,10/31/1996 9:00:00,22288,4.71.1441.1,"","",""
[Files]
File1=1,,Comdlg32.oc_,Comdlg32.ocx,$(WinSysPath),$(DLLSelfRegister),$(Shared),6/24/1998 0:00:00,140096,6.0.81.69,"","",""
File2=1,,paledll.dl_,paledll.dll,$(WinSysPath),,$(Shared),6/10/2006 20:44:05,660992,,"","",""
File3=1,,Pale.ex_,Pale.exe,$(AppPath),,,6/10/2006 19:02:57,643584,1.0.0.0,"","Pale","$(AppPath)\Pale.exe"
File4=1,,Pale.DE_,Pale.DEP,$(AppPath),,,6/10/2006 20:45:03,10554,1.0.0.0,"","",""
File5=1,,Progs.zi_,Progs.zip,$(AppPath),,,7/15/2005 4:31:15,58333,,"","",""
File6=1,,README-PALETAPE.tx_,README-PALETAPE.txt,$(AppPath),,,6/27/2003 6:13:57,2105,,"","",""
File7=1,,Lynx96+128 Commands.tx_,Lynx96+128 Commands.txt,$(AppPath),,,6/22/2005 23:31:57,2895,,"","",""
File8=1,,Paletape1.zi_,Paletape1.zip,$(AppPath),,,12/26/2003 14:22:37,54433,,"","",""
File9=1,,README.tx_,README.txt,$(AppPath),,,6/30/2005 12:41:20,5105,,"","",""
File10=1,,Readme-English.tx_,Readme-English.txt,$(AppPath),,,6/10/2006 19:00:08,11888,,"","",""
File11=1,,Readme-French.tx_,Readme-French.txt,$(AppPath),,,2/18/2004 1:15:43,3825,,"","",""
File12=1,,A5BYTE.JP_,A5BYTE.JPG,$(AppPath),,,6/23/2003 7:54:47,29865,,"","",""
File13=1,,3dsection.ta_,3dsection.tap,$(AppPath),,,3/25/2004 10:42:57,2613,,"","",""
File14=1,,AIRRAID.TA_,AIRRAID.TAP,$(AppPath),,,6/18/2003 13:21:05,3372,,"","",""
File15=1,,BACH.TA_,BACH.TAP,$(AppPath),,,3/25/2004 10:30:39,4136,,"","",""
File16=1,,BOX.TA_,BOX.TAP,$(AppPath),,,2/23/2004 7:12:31,1222,,"","",""
File17=1,,CHRGEN.TA_,CHRGEN.TAP,$(AppPath),,,2/23/2004 7:12:31,4575,,"","",""
File18=1,,ENLARGE.TA_,ENLARGE.TAP,$(AppPath),,,6/27/2005 8:43:15,1737,,"","",""
File19=1,,lynx3d12.ta_,lynx3d12.tap,$(AppPath),,,3/25/2004 11:47:53,2613,,"","",""
File20=1,,lynx3d13.ta_,lynx3d13.tap,$(AppPath),,,6/19/2003 5:40:47,2770,,"","",""
File21=1,,PARTA.TA_,PARTA.TAP,$(AppPath),,,6/23/2003 7:29:44,2508,,"","",""
File22=1,,PARTB.TA_,PARTB.TAP,$(AppPath),,,3/25/2004 11:46:12,3259,,"","",""
File23=1,,POWERBLASTER.ta_,POWERBLASTER.tap,$(AppPath),,,3/25/2004 11:46:26,6250,,"","",""
File24=1,,3dsecan.ta_,3dsecan.tap,$(AppPath),,,3/25/2004 11:44:25,2608,,"","",""
File25=1,,simdisc.ta_,simdisc.tap,$(AppPath),,,3/25/2004 11:46:50,177,,"","",""
File26=1,,simdisc0.ta_,simdisc0.tap,$(AppPath),,,3/25/2004 11:47:00,177,,"","",""
File27=1,,simdisc0-mc.ta_,simdisc0-mc.tap,$(AppPath),,,3/25/2004 11:47:00,177,,"","",""
File28=1,,simdisc-mc.ta_,simdisc-mc.tap,$(AppPath),,,3/25/2004 11:47:23,223,,"","",""
File29=1,,STARROVER.TA_,STARROVER.TAP,$(AppPath),,,7/1/2005 23:59:44,2763,,"","",""
File30=1,,lynxret.ra_,lynxret.raw,$(AppPath),,,7/2/2005 16:59:03,27712,,"","",""
File31=1,,lynx128-1.ro_,lynx128-1.rom,$(AppPath),,,7/29/2005 7:13:09,8192,,"","",""
File32=1,,lynx128-2.ro_,lynx128-2.rom,$(AppPath),,,7/29/2005 7:24:01,8192,,"","",""
File33=1,,lynx128-3.ro_,lynx128-3.rom,$(AppPath),,,7/18/2005 7:06:14,8192,,"","",""
File34=1,,lynx48-1.ro_,lynx48-1.rom,$(AppPath),,,5/7/2006 17:18:16,8192,,"","",""
File35=1,,lynx48-2.ro_,lynx48-2.rom,$(AppPath),,,7/2/2005 22:12:06,8192,,"","",""
File36=1,,lynx96-1.ro_,lynx96-1.rom,$(AppPath),,,7/20/2005 7:30:41,8192,,"","",""
File37=1,,lynx96-2.ro_,lynx96-2.rom,$(AppPath),,,7/20/2005 7:30:41,8192,,"","",""
File38=1,,lynx96-3.ro_,lynx96-3.rom,$(AppPath),,,7/20/2005 7:30:41,8192,,"","",""
File39=1,,lynxback.ra_,lynxback.raw,$(AppPath),,,7/2/2005 17:30:04,28160,,"","",""
File40=1,,CURRENT.RO_,CURRENT.ROM,$(AppPath),,,6/10/2006 20:44:16,65536,,"","",""
File41=1,,dosrom.ro_,dosrom.rom,$(AppPath),,,7/20/2005 4:31:02,8192,,"","",""
File42=1,,LYNXUTIL.LD_,LYNXUTIL.LDF,$(AppPath),,,5/31/2006 0:21:03,204800,,"","",""
File43=1,,MASTERCPM.LD_,MASTERCPM.LDF,$(AppPath),,,6/10/2006 0:59:49,204800,,"","",""
File44=1,,Manic Miner.ta_,Manic Miner.tap,$(AppPath),,,11/2/2005 17:36:42,66372,,"","",""
File45=1,,Speccy48-2.RO_,Speccy48-2.ROM,$(AppPath),,,8/16/2005 7:27:00,8192,,"","",""
File46=1,,Speccy48-1.RO_,Speccy48-1.ROM,$(AppPath),,,5/6/2006 17:54:46,8192,,"","",""

[Setup]
Title=Pale
DefProgramGroup=Pale
DefaultDir=$(ProgramFiles)\Pale
Setup=setup1.exe
AppExe=Pale.exe
AppToUninstall=Pale.exe
AppPath=

; The following lines may be deleted in order to obtain extra 
; space for customizing this file on a full installation diskette.
; 
; XXXXXXXXXXXXXXXXXXXXXXXXXXXXXXXXXXXXXXXXXXXXXXXXXXXXXXXXXXXX
; XXXXXXXXXXXXXXXXXXXXXXXXXXXXXXXXXXXXXXXXXXXXXXXXXXXXXXXXXXXX
; XXXXXXXXXXXXXXXXXXXXXXXXXXXXXXXXXXXXXXXXXXXXXXXXXXXXXXXXXXXX
; XXXXXXXXXXXXXXXXXXXXXXXXXXXXXXXXXXXXXXXXXXXXXXXXXXXXXXXXXXXX
; XXXXXXXXXXXXXXXXXXXXXXXXXXXXXXXXXXXXXXXXXXXXXXXXXXXXXXXXXXXX
; XXXXXXXXXXXXXXXXXXXXXXXXXXXXXXXXXXXXXXXXXXXXXXXXXXXXXXXXXXXX
; XXXXXXXXXXXXXXXXXXXXXXXXXXXXXXXXXXXXXXXXXXXXXXXXXXXXXXXXXXXX
; XXXXXXXXXXXXXXXXXXXXXXXXXXXXXXXXXXXXXXXXXXXXXXXXXXXXXXXXXXXX
; XXXXXXXXXXXXXXXXXXXXXXXXXXXXXXXXXXXXXXXXXXXXXXXXXXXXXXXXXXXX
; XXXXXXXXXXXXXXXXXXXXXXXXXXXXXXXXXXXXXXXXXXXXXXXXXXXXXXXXXXXX
; XXXXXXXXXXXXXXXXXXXXXXXXXXXXXXXXXXXXXXXXXXXXXXXXXXXXXXXXXXXX
; XXXXXXXXXXXXXXXXXXXXXXXXXXXXXXXXXXXXXXXXXXXXXXXXXXXXXXXXXXXX
; XXXXXXXXXXXXXXXXXXXXXXXXXXXXXXXXXXXXXXXXXXXXXXXXXXXXXXXXXXXX
; XXXXXXXXXXXXXXXXXXXXXXXXXXXXXXXXXXXXXXXXXXXXXXXXXXXXXXXXXXXX
; XXXXXXXXXXXXXXXXXXXXXXXXXXXXXXXXXXXXXXXXXXXXXXXXXXXXXXXXXXXX
; XXXXXXXXXXXXXXXXXXXXXXXXXXXXXXXXXXXXXXXXXXXXXXXXXXXXXXXXXXXX
; XXXXXXXXXXXXXXXXXXXXXXXXXXXXXXXXXXXXXXXXXXXXXXXXXXXXXXXXXXXX
; XXXXXXXXXXXXXXXXXXXXXXXXXXXXXXXXXXXXXXXXXXXXXXXXXXXXXXXXXXXX
; XXXXXXXXXXXXXXXXXXXXXXXXXXXXXXXXXXXXXXXXXXXXXXXXXXXXXXXXXXXX
; XXXXXXXXXXXXXXXXXXXXXXXXXXXXXXXXXXXXXXXXXXXXXXXXXXXXXXXXXXXX
; XXXXXXXXXXXXXXXXXXXXXXXXXXXXXXXXXXXXXXXXXXXXXXXXXXXXXXXXXXXX
; XXXXXXXXXXXXXXXXXXXXXXXXXXXXXXXXXXXXXXXXXXXXXXXXXXXXXXXXXXXX
; XXXXXXXXXXXXXXXXXXXXXXXXXXXXXXXXXXXXXXXXXXXXXXXXXXXXXXXXXXXX
; XXXXXXXXXXXXXXXXXXXXXXXXXXXXXXXXXXXXXXXXXXXXXXXXXXXXXXXXXXXX
; XXXXXXXXXXXXXXXXXXXXXXXXXXXXXXXXXXXXXXXXXXXXXXXXXXXXXXXXXXXX
; XXXXXXXXXXXXXXXXXXXXXXXXXXXXXXXXXXXXXXXXXXXXXXXXXXXXXXXXXXXX
; XXXXXXXXXXXXXXXXXXXXXXXXXXXXXXXXXXXXXXXXXXXXXXXXXXXXXXXXXXXX
; XXXXXXXXXXXXXXXXXXXXXXXXXXXXXXXXXXXXXXXXXXXXXXXXXXXXXXXXXXXX
; XXXXXXXXXXXXXXXXXXXXXXXXXXXXXXXXXXXXXXXXXXXXXXXXXXXXXXXXXXXX
; XXXXXXXXXXXXXXXXXXXXXXXXXXXXXXXXXXXXXXXXXXXXXXXXXXXXXXXXXXXX
; XXXXXXXXXXXXXXXXXXXXXXXXXXXXXXXXXXXXXXXXXXXXXXXXXXXXXXXXXXXX
; XXXXXXXXXXXXXXXXXXXXXXXXXXXXXXXXXXXXXXXXXXXXXXXXXXXXXXXXXXXX
; XXXXXXXXXXXXXXXXXXXXXXXXXXXXXXXXXXXXXXXXXXXXXXXXXXXXXXXXXXXX
; XXXXXXXXXXXXXXXXXXXXXXXXXXXXXXXXXXXXXXXXXXXXXXXXXXXXXXXXXXXX
; XXXXXXXXXXXXXXXXXXXXXXXXXXXXXXXXXXXXXXXXXXXXXXXXXXXXXXXXXXXX
; XXXXXXXXXXXXXXXXXXXXXXXXXXXXXXXXXXXXXXXXXXXXXXXXXXXXXXXXXXXX
; XXXXXXXXXXXXXXXXXXXXXXXXXXXXXXXXXXXXXXXXXXXXXXXXXXXXXXXXXXXX
; XXXXXXXXXXXXXXXXXXXXXXXXXXXXXXXXXXXXXXXXXXXXXXXXXXXXXXXXXXXX
; XXXXXXXXXXXXXXXXXXXXXXXXXXXXXXXXXXXXXXXXXXXXXXXXXXXXXXXXXXXX
; XXXXXXXXXXXXXXXXXXXXXXXXXXXXXXXXXXXXXXXXXXXXXXXXXXXXXXXXXXXX
; XXXXXXXXXXXXXXXXXXXXXXXXXXXXXXXXXXXXXXXXXXXXXXXXXXXXXXXXXXXX
; XXXXXXXXXXXXXXXXXXXXXXXXXXXXXXXXXXXXXXXXXXXXXXXXXXXXXXXXXXXX
; XXXXXXXXXXXXXXXXXXXXXXXXXXXXXXXXXXXXXXXXXXXXXXXXXXXXXXXXXXXX
; XXXXXXXXXXXXXXXXXXXXXXXXXXXXXXXXXXXXXXXXXXXXXXXXXXXXXXXXXXXX
; XXXXXXXXXXXXXXXXXXXXXXXXXXXXXXXXXXXXXXXXXXXXXXXXXXXXXXXXXXXX
; XXXXXXXXXXXXXXXXXXXXXXXXXXXXXXXXXXXXXXXXXXXXXXXXXXXXXXXXXXXX
; XXXXXXXXXXXXXXXXXXXXXXXXXXXXXXXXXXXXXXXXXXXXXXXXXXXXXXXXXXXX
; XXXXXXXXXXXXXXXXXXXXXXXXXXXXXXXXXXXXXXXXXXXXXXXXXXXXXXXXXXXX
; XXXXXXXXXXXXXXXXXXXXXXXXXXXXXXXXXXXXXXXXXXXXXXXXXXXXXXXXXXXX
; XXXXXXXXXXXXXXXXXXXXXXXXXXXXXXXXXXXXXXXXXXXXXXXXXXXXXXXXXXXX
; XXXXXXXXXXXXXXXXXXXXXXXXXXXXXXXXXXXXXXXXXXXXXXXXXXXXXXXXXXXX
; XXXXXXXXXXXXXXXXXXXXXXXXXXXXXXXXXXXXXXXXXXXXXXXXXXXXXXXXXXXX
; XXXXXXXXXXXXXXXXXXXXXXXXXXXXXXXXXXXXXXXXXXXXXXXXXXXXXXXXXXXX
; XXXXXXXXXXXXXXXXXXXXXXXXXXXXXXXXXXXXXXXXXXXXXXXXXXXXXXXXXXXX
; XXXXXXXXXXXXXXXXXXXXXXXXXXXXXXXXXXXXXXXXXXXXXXXXXXXXXXXXXXXX
; XXXXXXXXXXXXXXXXXXXXXXXXXXXXXXXXXXXXXXXXXXXXXXXXXXXXXXXXXXXX
; XXXXXXXXXXXXXXXXXXXXXXXXXXXXXXXXXXXXXXXXXXXXXXXXXXXXXXXXXXXX
; XXXXXXXXXXXXXXXXXXXXXXXXXXXXXXXXXXXXXXXXXXXXXXXXXXXXXXXXXXXX
; XXXXXXXXXXXXXXXXXXXXXXXXXXXXXXXXXXXXXXXXXXXXXXXXXXXXXXXXXXXX
; XXXXXXXXXXXXXXXXXXXXXXXXXXXXXXXXXXXXXXXXXXXXXXXXXXXXXXXXXXXX
; XXXXXXXXXXXXXXXXXXXXXXXXXXXXXXXXXXXXXXXXXXXXXXXXXXXXXXXXXXXX
; XXXXXXXXXXXXXXXXXXXXXXXXXXXXXXXXXXXXXXXXXXXXXXXXXXXXXXXXXXXX
; XXXXXXXXXXXXXXXXXXXXXXXXXXXXXXXXXXXXXXXXXXXXXXXXXXXXXXXXXXXX
; XXXXXXXXXXXXXXXXXXXXXXXXXXXXXXXXXXXXXXXXXXXXXXXXXXXXXXXXXXXX
; XXXXXXXXXXXXXXXXXXXXXXXXXXXXXXXXXXXXXXXXXXXXXXXXXXXXXXXXXXXX
; XXXXXXXXXXXXXXXXXXXXXXXXXXXXXXXXXXXXXXXXXXXXXXXXXXXXXXXXXXXX
; XXXXXXXXXXXXXXXXXXXXXXXXXXXXXXXXXXXXXXXXXXXXXXXXXXXXXXXXXXXX
; XXXXXXXXXXXXXXXXXXXXXXXXXXXXXXXXXXXXXXXXXXXXXXXXXXXXXXXXXXXX
; XXXXXXXXXXXXXXXXXXXXXXXXXXXXXXXXXXXXXXXXXXXXXXXXXXXXXXXXXXXX
; XXXXXXXXXXXXXXXXXXXXXXXXXXXXXXXXXXXXXXXXXXXXXXXXXXXXXXXXXXXX
; XXXXXXXXXXXXXXXXXXXXXXXXXXXXXXXXXXXXXXXXXXXXXXXXXXXXXXXXXXXX
; XXXXXXXXXXXXXXXXXXXXXXXXXXXXXXXXXXXXXXXXXXXXXXXXXXXXXXXXXXXX
; XXXXXXXXXXXXXXXXXXXXXXXXXXXXXXXXXXXXXXXXXXXXXXXXXXXXXXXXXXXX
; XXXXXXXXXXXXXXXXXXXXXXXXXXXXXXXXXXXXXXXXXXXXXXXXXXXXXXXXXXXX
; XXXXXXXXXXXXXXXXXXXXXXXXXXXXXXXXXXXXXXXXXXXXXXXXXXXXXXXXXXXX
; XXXXXXXXXXXXXXXXXXXXXXXXXXXXXXXXXXXXXXXXXXXXXXXXXXXXXXXXXXXX
; XXXXXXXXXXXXXXXXXXXXXXXXXXXXXXXXXXXXXXXXXXXXXXXXXXXXXXXXXXXX
; XXXXXXXXXXXXXXXXXXXXXXXXXXXXXXXXXXXXXXXXXXXXXXXXXXXXXXXXXXXX
; XXXXXXXXXXXXXXXXXXXXXXXXXXXXXXXXXXXXXXXXXXXXXXXXXXXXXXXXXXXX
; XXXXXXXXXXXXXXXXXXXXXXXXXXXXXXXXXXXXXXXXXXXXXXXXXXXXXXXXXXXX
; XXXXXXXXXXXXXXXXXXXXXXXXXXXXXXXXXXXXXXXXXXXXXXXXXXXXXXXXXXXX
; XXXXXXXXXXXXXXXXXXXXXXXXXXXXXXXXXXXXXXXXXXXXXXXXXXXXXXXXXXXX
; XXXXXXXXXXXXXXXXXXXXXXXXXXXXXXXXXXXXXXXXXXXXXXXXXXXXXXXXXXXX
; XXXXXXXXXXXXXXXXXXXXXXXXXXXXXXXXXXXXXXXXXXXXXXXXXXXXXXXXXXXX
; XXXXXXXXXXXXXXXXXXXXXXXXXXXXXXXXXXXXXXXXXXXXXXXXXXXXXXXXXXXX
; XXXXXXXXXXXXXXXXXXXXXXXXXXXXXXXXXXXXXXXXXXXXXXXXXXXXXXXXXXXX
